// Jest Snapshot v1, https://goo.gl/fbAQLP

exports[`BannerComponent matches the snapshot 1`] = `
<DocumentFragment>
  <section
    class="relative flex flex-col justify-center items-start md:items-center bg-[#FEC00A] px-6 py-28 mt-48 mb-20"
  >
    <div
      class="block md:absolute -left-10 -z-0 "
    >
      <h1
        class="text-6xl lg:text-8xl xl:text-9xl font-extrabold text-white mb-10 md:mb-20"
      >
        dsgnr.
      </h1>
    </div>
    <div
      class="flex pb-16 md:pb-3 items-start md:items-center gap-16 flex-col md:flex-row md:justify-center lg:justify-end"
    >
      <h4
        class="font-bold w-full md:w-2/5 text-[44px]"
      >
        Grow Your Business. Build Great Products.
      </h4>
      <button
        class="font-semibold text-2xl px-8 py-5 bg-black text-white"
      >
        Book a free call
      </button>
    </div>
    <div
      class="absolute right-16 bottom-0 z-0"
    >
      <img
        alt="Three hand banner"
        src="[object Object]"
        width="369"
      />
    </div>
  </section>
</DocumentFragment>
`;
